MPLINK 4.40, Linker
Linker Map File - Created Thu May 03 18:09:22 2018

                                 Section Info
                  Section       Type    Address   Location Size(Bytes)
                ---------  ---------  ---------  ---------  ---------
                   .org_0       code   0x000000    program   0x000000
                   .org_1       code   0x000000    program   0x000002
                   .org_2       code   0x000004    program   0x00007e
.config_2007_ASSIGNMENT 10 REDO.O       code   0x002007    program   0x000002
                   .org_3       code   0x002100    program   0x000008



                              Program Memory Usage 
                               Start         End      
                           ---------   ---------      
                            0x000000    0x000000      
                            0x000004    0x000042      
                            0x002007    0x002007      
                            0x002100    0x002103      
            69 out of 4359 program addresses used, program memory utilization is 1%



                              Symbols - Sorted by Name
                     Name    Address   Location    Storage File                     
                ---------  ---------  ---------  --------- ---------                
                  The_isr   0x00000a    program     static E:\HW\FinishedAssignments\Assignment 10\Personal\Assignment 10 redo.asm
                    again   0x000037    program     static E:\HW\FinishedAssignments\Assignment 10\Personal\Assignment 10 redo.asm
                     main   0x000018    program     static E:\HW\FinishedAssignments\Assignment 10\Personal\Assignment 10 redo.asm
             rest_counter   0x00003a    program     static E:\HW\FinishedAssignments\Assignment 10\Personal\Assignment 10 redo.asm



                              Symbols - Sorted by Address
                     Name    Address   Location    Storage File                     
                ---------  ---------  ---------  --------- ---------                
                  The_isr   0x00000a    program     static E:\HW\FinishedAssignments\Assignment 10\Personal\Assignment 10 redo.asm
                     main   0x000018    program     static E:\HW\FinishedAssignments\Assignment 10\Personal\Assignment 10 redo.asm
                    again   0x000037    program     static E:\HW\FinishedAssignments\Assignment 10\Personal\Assignment 10 redo.asm
             rest_counter   0x00003a    program     static E:\HW\FinishedAssignments\Assignment 10\Personal\Assignment 10 redo.asm


